../Core/Src/ModbusRTU_app.c:16:6:Motor_driver_Init	8	static
../Core/Src/ModbusRTU_app.c:24:6:Motor_Torque_Disable	8	static
../Core/Src/ModbusRTU_app.c:29:6:Alram_Clear	8	static
../Core/Src/ModbusRTU_app.c:35:6:Velocity_Mode_Init	24	static
../Core/Src/ModbusRTU_app.c:44:6:Encoder_RST	16	static
../Core/Src/ModbusRTU_app.c:50:6:Disable_control	16	static
../Core/Src/ModbusRTU_app.c:66:6:Left_Motor_Velocity_Control	16	static
../Core/Src/ModbusRTU_app.c:71:6:Right_Motor_Velocity_Control	16	static
../Core/Src/ModbusRTU_app.c:76:6:Synchronous_Velocity_Control	24	static
../Core/Src/ModbusRTU_app.c:82:6:Asynchronous_Velocity_Control	24	static
../Core/Src/ModbusRTU_app.c:108:6:Left_Asynchronous_Velocity_Control	24	static
../Core/Src/ModbusRTU_app.c:115:6:Right_Asynchronous_Velocity_Control	24	static
../Core/Src/ModbusRTU_app.c:122:6:LR_Synchronous_Velocity_Control	16	static
../Core/Src/ModbusRTU_app.c:136:6:Left_Synchronous_Velocity_Control	24	static
../Core/Src/ModbusRTU_app.c:143:6:Right_Synchronous_Velocity_Control	24	static
../Core/Src/ModbusRTU_app.c:149:6:Stop_Velocity_Control	16	static
../Core/Src/ModbusRTU_app.c:155:6:Quick_Stop_Velocity_Control	8	static
../Core/Src/ModbusRTU_app.c:160:6:Cmd_Wheel_Velocity_Control	24	static
../Core/Src/ModbusRTU_app.c:166:6:Set_cmd_vel_rpm	8	static
../Core/Src/ModbusRTU_app.c:179:6:Run_joycon	8	static
