../Core/Src/PID_v1.cpp:22:1:PID::PID(double*, double*, double*, double, double, double, int, int)	48	static
../Core/Src/PID_v1.cpp:46:1:PID::PID(double*, double*, double*, double, double, double, int)	56	static
../Core/Src/PID_v1.cpp:60:6:bool PID::Compute()	64	static
../Core/Src/PID_v1.cpp:104:6:void PID::SetTunings(double, double, double, int)	48	static
../Core/Src/PID_v1.cpp:129:6:void PID::SetTunings(double, double, double)	40	static
../Core/Src/PID_v1.cpp:136:6:void PID::SetSampleTime(int)	32	static
../Core/Src/PID_v1.cpp:156:6:void PID::SetOutputLimits(double, double)	32	static
../Core/Src/PID_v1.cpp:177:6:void PID::SetMode(int)	24	static
../Core/Src/PID_v1.cpp:191:6:void PID::Initialize()	16	static
../Core/Src/PID_v1.cpp:205:6:void PID::SetControllerDirection(int)	16	static
../Core/Src/PID_v1.cpp:221:8:double PID::GetKp()	16	static
../Core/Src/PID_v1.cpp:222:8:double PID::GetKi()	16	static
../Core/Src/PID_v1.cpp:223:8:double PID::GetKd()	16	static
../Core/Src/PID_v1.cpp:224:5:int PID::GetMode()	16	static
../Core/Src/PID_v1.cpp:225:5:int PID::GetDirection()	16	static
